http://www.google.com
http://www.wiki.org
mailto:divye@divye.me
ftp://divye:password@fake.me/
mailto:divye@divye.me
ftp://ftp.is.co.za/rfc/rfc1808.txt
